|===============================================================================
|
|  DFTB+ development version (commit: )
|
|  Copyright (C) 2006 - 2025  DFTB+ developers group
|
|===============================================================================
|
|  When publishing results obtained with DFTB+, please cite the following
|  reference:
|
|    Recent Developments in DFTB+, a Software Package for Efficient Atomistic
|    Quantum Mechanical Simulations, J. Phys. Chem. A 129, 5373−5390 (2025).
|    [https://doi.org/10.1021/acs.jpca.5c01146]
|
|  You should also cite additional publications crediting the parametrization
|  data you use. Please consult the documentation of the SK-files for the
|  references.
|
|===============================================================================

Reading input file 'dftb_in.hsd'
Parser version: 14

--------------------------------------------------------------------------------
***  Converting input from parser version  1 to parser version 14 ...
WARNING!
-> Calculations are not orbital resolved per default any more. Keyword 'OrbitalResolvedSCC' added.
Path: dftbplusinput/Hamiltonian/DFTB/OrbitalResolvedSCC

WARNING!
-> Adding legacy step size for finite difference differentiation
Path: dftbplusinput/Hamiltonian/DFTB/Differentiation

WARNING!
-> Keyword converted to 'ShellResolvedSCC'.
Path: dftbplusinput/Hamiltonian/DFTB/OrbitalResolvedSCC

***  Done.

ERROR!
-> SK file with generated name '/Si-Si.skf' not found.
   (search path(s): '.').
Path: dftbplusinput/Hamiltonian/DFTB/SlaterKosterFiles/Type2FileNames
Line: 16-20 (File: dftb_in.hsd)

